127.0.0.1 - - [24/Nov/2023:19:45:21 -0300] "GET / HTTP/1.1" 404 751
0:0:0:0:0:0:0:1 - - [24/Nov/2023:19:45:21 -0300] "GET /HealthSolu/ HTTP/1.1" 404 766
0:0:0:0:0:0:0:1 - - [24/Nov/2023:19:45:21 -0300] "GET /favicon.ico HTTP/1.1" 404 762
0:0:0:0:0:0:0:1 - - [24/Nov/2023:19:51:40 -0300] "GET /HealthSolu/api/usuario HTTP/1.1" 500 5845
0:0:0:0:0:0:0:1 - - [24/Nov/2023:19:51:58 -0300] "GET /HealthSolu/api/usuario HTTP/1.1" 500 5846
127.0.0.1 - - [24/Nov/2023:20:02:53 -0300] "GET / HTTP/1.1" 404 751
0:0:0:0:0:0:0:1 - - [24/Nov/2023:20:03:06 -0300] "GET /HealthSolu/api/usuario HTTP/1.1" 500 5846
127.0.0.1 - - [24/Nov/2023:20:06:19 -0300] "GET / HTTP/1.1" 404 751
0:0:0:0:0:0:0:1 - - [24/Nov/2023:20:07:00 -0300] "GET /HealthSolu/api/usuario HTTP/1.1" 200 3114
0:0:0:0:0:0:0:1 - - [24/Nov/2023:20:07:33 -0300] "POST /HealthSolu/api/login HTTP/1.1" 500 4359
127.0.0.1 - - [24/Nov/2023:20:11:08 -0300] "GET / HTTP/1.1" 404 751
0:0:0:0:0:0:0:1 - - [24/Nov/2023:20:11:15 -0300] "POST /HealthSolu/api/login HTTP/1.1" 500 716
127.0.0.1 - - [24/Nov/2023:20:13:56 -0300] "GET / HTTP/1.1" 404 751
0:0:0:0:0:0:0:1 - - [24/Nov/2023:20:14:36 -0300] "POST /HealthSolu/api/login HTTP/1.1" 500 716
127.0.0.1 - - [24/Nov/2023:20:18:03 -0300] "GET / HTTP/1.1" 404 751
0:0:0:0:0:0:0:1 - - [24/Nov/2023:20:18:14 -0300] "POST /HealthSolu/api/login HTTP/1.1" 500 716
127.0.0.1 - - [24/Nov/2023:20:26:50 -0300] "GET / HTTP/1.1" 404 751
127.0.0.1 - - [24/Nov/2023:20:36:52 -0300] "GET / HTTP/1.1" 404 751
0:0:0:0:0:0:0:1 - - [24/Nov/2023:20:37:00 -0300] "POST /HealthSolu/api/login HTTP/1.1" 500 716
0:0:0:0:0:0:0:1 - - [24/Nov/2023:20:40:20 -0300] "PUT /HealthSolu/api/usuario/1 HTTP/1.1" 500 11150
127.0.0.1 - - [24/Nov/2023:20:41:31 -0300] "GET / HTTP/1.1" 404 751
0:0:0:0:0:0:0:1 - - [24/Nov/2023:20:41:41 -0300] "PUT /HealthSolu/api/usuario/1 HTTP/1.1" 500 11186
127.0.0.1 - - [24/Nov/2023:20:42:48 -0300] "GET / HTTP/1.1" 404 751
0:0:0:0:0:0:0:1 - - [24/Nov/2023:20:43:03 -0300] "PUT /HealthSolu/api/usuario/1 HTTP/1.1" 200 -
0:0:0:0:0:0:0:1 - - [24/Nov/2023:20:43:08 -0300] "GET /HealthSolu/api/usuario/1 HTTP/1.1" 200 231
0:0:0:0:0:0:0:1 - - [24/Nov/2023:21:28:39 -0300] "GET /HealthSolu/api/usuario HTTP/1.1" 200 3545
127.0.0.1 - - [24/Nov/2023:21:53:48 -0300] "GET / HTTP/1.1" 404 751
0:0:0:0:0:0:0:1 - - [24/Nov/2023:21:54:22 -0300] "GET /HealthSolu/api/usuario HTTP/1.1" 200 3780
0:0:0:0:0:0:0:1 - - [24/Nov/2023:21:55:23 -0300] "POST /HealthSolu/api/usuario HTTP/1.1" 201 -
0:0:0:0:0:0:0:1 - - [24/Nov/2023:21:56:06 -0300] "POST /HealthSolu/api/imc HTTP/1.1" 500 6130
0:0:0:0:0:0:0:1 - - [24/Nov/2023:21:57:33 -0300] "POST /HealthSolu/api/imc HTTP/1.1" 500 6130
127.0.0.1 - - [24/Nov/2023:21:59:20 -0300] "GET / HTTP/1.1" 404 751
0:0:0:0:0:0:0:1 - - [24/Nov/2023:21:59:25 -0300] "POST /HealthSolu/api/imc HTTP/1.1" 500 6130
127.0.0.1 - - [24/Nov/2023:22:01:29 -0300] "GET / HTTP/1.1" 404 751
0:0:0:0:0:0:0:1 - - [24/Nov/2023:22:01:37 -0300] "POST /HealthSolu/api/imc HTTP/1.1" 500 6130
127.0.0.1 - - [24/Nov/2023:22:05:25 -0300] "GET / HTTP/1.1" 404 751
0:0:0:0:0:0:0:1 - - [24/Nov/2023:22:05:52 -0300] "POST /HealthSolu/api/imc HTTP/1.1" 500 6130
0:0:0:0:0:0:0:1 - - [24/Nov/2023:22:06:28 -0300] "POST /HealthSolu/api/tmb HTTP/1.1" 201 -
0:0:0:0:0:0:0:1 - - [24/Nov/2023:22:06:33 -0300] "POST /HealthSolu/api/tmb HTTP/1.1" 201 -
0:0:0:0:0:0:0:1 - - [24/Nov/2023:22:06:36 -0300] "POST /HealthSolu/api/imc HTTP/1.1" 500 6130
0:0:0:0:0:0:0:1 - - [24/Nov/2023:22:08:59 -0300] "POST /HealthSolu/api/imc HTTP/1.1" 500 6130
127.0.0.1 - - [24/Nov/2023:22:15:03 -0300] "GET / HTTP/1.1" 404 751
0:0:0:0:0:0:0:1 - - [24/Nov/2023:22:15:11 -0300] "POST /HealthSolu/api/imc HTTP/1.1" 500 5891
127.0.0.1 - - [24/Nov/2023:22:16:00 -0300] "GET / HTTP/1.1" 404 751
0:0:0:0:0:0:0:1 - - [24/Nov/2023:22:16:05 -0300] "POST /HealthSolu/api/imc HTTP/1.1" 201 -
0:0:0:0:0:0:0:1 - - [24/Nov/2023:22:16:13 -0300] "POST /HealthSolu/api/imc HTTP/1.1" 201 -
0:0:0:0:0:0:0:1 - - [24/Nov/2023:22:18:34 -0300] "GET /HealthSolu/api/usuario HTTP/1.1" 200 4018
0:0:0:0:0:0:0:1 - - [24/Nov/2023:22:18:43 -0300] "GET /HealthSolu/api/imc HTTP/1.1" 200 6807
0:0:0:0:0:0:0:1 - - [24/Nov/2023:22:18:52 -0300] "GET /HealthSolu/api/tmb HTTP/1.1" 200 3620
0:0:0:0:0:0:0:1 - - [24/Nov/2023:22:18:57 -0300] "GET /HealthSolu/api/tmb/1 HTTP/1.1" 200 272
0:0:0:0:0:0:0:1 - - [24/Nov/2023:22:19:04 -0300] "GET /HealthSolu/api/usuario/1 HTTP/1.1" 200 231
0:0:0:0:0:0:0:1 - - [24/Nov/2023:22:19:08 -0300] "GET /HealthSolu/api/imc/1 HTTP/1.1" 200 480
0:0:0:0:0:0:0:1 - - [24/Nov/2023:22:19:13 -0300] "GET /HealthSolu/api/usuario HTTP/1.1" 200 4018
0:0:0:0:0:0:0:1 - - [24/Nov/2023:22:19:34 -0300] "POST /HealthSolu/api/usuario HTTP/1.1" 201 -
0:0:0:0:0:0:0:1 - - [24/Nov/2023:22:19:41 -0300] "GET /HealthSolu/api/usuario HTTP/1.1" 200 4256
0:0:0:0:0:0:0:1 - - [24/Nov/2023:22:20:17 -0300] "POST /HealthSolu/api/imc HTTP/1.1" 500 5798
0:0:0:0:0:0:0:1 - - [24/Nov/2023:22:20:40 -0300] "POST /HealthSolu/api/imc HTTP/1.1" 500 5798
0:0:0:0:0:0:0:1 - - [24/Nov/2023:22:20:48 -0300] "POST /HealthSolu/api/imc HTTP/1.1" 201 -
0:0:0:0:0:0:0:1 - - [24/Nov/2023:22:20:53 -0300] "POST /HealthSolu/api/imc HTTP/1.1" 500 5798
0:0:0:0:0:0:0:1 - - [24/Nov/2023:22:20:58 -0300] "POST /HealthSolu/api/usuario HTTP/1.1" 400 428
0:0:0:0:0:0:0:1 - - [24/Nov/2023:22:21:03 -0300] "GET /HealthSolu/api/usuario HTTP/1.1" 500 9964
0:0:0:0:0:0:0:1 - - [24/Nov/2023:22:21:15 -0300] "GET /HealthSolu/api/usuario HTTP/1.1" 500 9964
127.0.0.1 - - [24/Nov/2023:22:21:27 -0300] "GET / HTTP/1.1" 404 751
0:0:0:0:0:0:0:1 - - [24/Nov/2023:22:21:43 -0300] "GET /HealthSolu/api/usuario HTTP/1.1" 200 4256
0:0:0:0:0:0:0:1 - - [24/Nov/2023:22:21:58 -0300] "GET /HealthSolu/api/imc HTTP/1.1" 200 7636
0:0:0:0:0:0:0:1 - - [24/Nov/2023:22:22:02 -0300] "POST /HealthSolu/api/imc HTTP/1.1" 500 5798
0:0:0:0:0:0:0:1 - - [24/Nov/2023:22:23:53 -0300] "POST /HealthSolu/api/imc HTTP/1.1" 500 5798
127.0.0.1 - - [24/Nov/2023:22:24:01 -0300] "GET / HTTP/1.1" 404 751
0:0:0:0:0:0:0:1 - - [24/Nov/2023:22:24:10 -0300] "POST /HealthSolu/api/imc HTTP/1.1" 500 5798
0:0:0:0:0:0:0:1 - - [24/Nov/2023:22:25:42 -0300] "POST /HealthSolu/api/imc HTTP/1.1" 500 5798
127.0.0.1 - - [24/Nov/2023:22:26:26 -0300] "GET / HTTP/1.1" 404 751
0:0:0:0:0:0:0:1 - - [24/Nov/2023:22:26:31 -0300] "POST /HealthSolu/api/imc HTTP/1.1" 500 5810
0:0:0:0:0:0:0:1 - - [24/Nov/2023:22:26:42 -0300] "POST /HealthSolu/api/imc HTTP/1.1" 500 5810
0:0:0:0:0:0:0:1 - - [24/Nov/2023:22:27:15 -0300] "POST /HealthSolu/api/imc HTTP/1.1" 500 5810
0:0:0:0:0:0:0:1 - - [24/Nov/2023:22:28:56 -0300] "POST /HealthSolu/api/imc HTTP/1.1" 201 -
0:0:0:0:0:0:0:1 - - [24/Nov/2023:22:29:02 -0300] "POST /HealthSolu/api/imc HTTP/1.1" 201 -
0:0:0:0:0:0:0:1 - - [24/Nov/2023:22:29:04 -0300] "POST /HealthSolu/api/imc HTTP/1.1" 201 -
0:0:0:0:0:0:0:1 - - [24/Nov/2023:22:29:07 -0300] "POST /HealthSolu/api/imc HTTP/1.1" 201 -
0:0:0:0:0:0:0:1 - - [24/Nov/2023:22:29:14 -0300] "GET /HealthSolu/api/imc HTTP/1.1" 200 10690
0:0:0:0:0:0:0:1 - - [24/Nov/2023:22:29:43 -0300] "POST /HealthSolu/api/imc HTTP/1.1" 201 -
0:0:0:0:0:0:0:1 - - [24/Nov/2023:22:29:44 -0300] "POST /HealthSolu/api/imc HTTP/1.1" 201 -
0:0:0:0:0:0:0:1 - - [24/Nov/2023:22:29:51 -0300] "POST /HealthSolu/api/imc HTTP/1.1" 500 5810
0:0:0:0:0:0:0:1 - - [24/Nov/2023:22:29:58 -0300] "GET /HealthSolu/api/imc HTTP/1.1" 200 12423
0:0:0:0:0:0:0:1 - - [24/Nov/2023:22:30:22 -0300] "GET /HealthSolu/api/usuario HTTP/1.1" 200 4256
0:0:0:0:0:0:0:1 - - [24/Nov/2023:22:30:57 -0300] "GET /HealthSolu/api/imc HTTP/1.1" 200 12423
0:0:0:0:0:0:0:1 - - [24/Nov/2023:22:31:06 -0300] "POST /HealthSolu/api/imc HTTP/1.1" 201 -
0:0:0:0:0:0:0:1 - - [24/Nov/2023:22:31:09 -0300] "POST /HealthSolu/api/imc HTTP/1.1" 500 5810
0:0:0:0:0:0:0:1 - - [24/Nov/2023:22:31:12 -0300] "POST /HealthSolu/api/imc HTTP/1.1" 500 9940
127.0.0.1 - - [24/Nov/2023:22:38:50 -0300] "GET / HTTP/1.1" 404 751
0:0:0:0:0:0:0:1 - - [24/Nov/2023:22:39:00 -0300] "POST /HealthSolu/api/imc HTTP/1.1" 201 -
0:0:0:0:0:0:0:1 - - [24/Nov/2023:22:39:10 -0300] "GET /HealthSolu/api/imc HTTP/1.1" 200 13572
0:0:0:0:0:0:0:1 - - [24/Nov/2023:22:43:20 -0300] "GET /HealthSolu/api/usuario HTTP/1.1" 200 4256
0:0:0:0:0:0:0:1 - - [24/Nov/2023:22:43:25 -0300] "GET /HealthSolu/api/usuario/1 HTTP/1.1" 200 231
0:0:0:0:0:0:0:1 - - [24/Nov/2023:22:43:29 -0300] "GET /HealthSolu/api/imc/1 HTTP/1.1" 200 480
0:0:0:0:0:0:0:1 - - [24/Nov/2023:22:43:33 -0300] "GET /HealthSolu/api/imc HTTP/1.1" 200 13572
0:0:0:0:0:0:0:1 - - [24/Nov/2023:22:43:39 -0300] "GET /HealthSolu/api/tmb HTTP/1.1" 200 3620
0:0:0:0:0:0:0:1 - - [24/Nov/2023:22:43:44 -0300] "GET /HealthSolu/api/tmb/1 HTTP/1.1" 200 272
0:0:0:0:0:0:0:1 - - [24/Nov/2023:22:44:02 -0300] "POST /HealthSolu/api/usuario HTTP/1.1" 201 -
0:0:0:0:0:0:0:1 - - [24/Nov/2023:22:44:07 -0300] "GET /HealthSolu/api/usuario HTTP/1.1" 200 4492
0:0:0:0:0:0:0:1 - - [24/Nov/2023:22:47:16 -0300] "GET /HealthSolu/api/usuario HTTP/1.1" 200 4492
0:0:0:0:0:0:0:1 - - [24/Nov/2023:22:47:24 -0300] "GET /HealthSolu/api/usuario/1 HTTP/1.1" 200 231
0:0:0:0:0:0:0:1 - - [24/Nov/2023:22:47:36 -0300] "GET /HealthSolu/api/imc HTTP/1.1" 200 13572
0:0:0:0:0:0:0:1 - - [24/Nov/2023:22:47:42 -0300] "GET /HealthSolu/api/imc/1 HTTP/1.1" 200 480
0:0:0:0:0:0:0:1 - - [24/Nov/2023:22:47:49 -0300] "GET /HealthSolu/api/tmb HTTP/1.1" 200 3620
0:0:0:0:0:0:0:1 - - [24/Nov/2023:22:47:55 -0300] "GET /HealthSolu/api/tmb/1 HTTP/1.1" 200 272
0:0:0:0:0:0:0:1 - - [24/Nov/2023:22:48:04 -0300] "GET /HealthSolu/api/relatorio HTTP/1.1" 200 12192
0:0:0:0:0:0:0:1 - - [24/Nov/2023:22:48:10 -0300] "GET /HealthSolu/api/relatorio HTTP/1.1" 500 9976
127.0.0.1 - - [24/Nov/2023:22:48:24 -0300] "GET / HTTP/1.1" 404 751
0:0:0:0:0:0:0:1 - - [24/Nov/2023:22:48:31 -0300] "GET /HealthSolu/api/relatorio HTTP/1.1" 200 12192
0:0:0:0:0:0:0:1 - - [24/Nov/2023:22:48:54 -0300] "GET /HealthSolu/api/relatorio/1 HTTP/1.1" 200 1016
0:0:0:0:0:0:0:1 - - [24/Nov/2023:22:49:53 -0300] "POST /HealthSolu/api/usuario HTTP/1.1" 201 -
0:0:0:0:0:0:0:1 - - [24/Nov/2023:22:50:00 -0300] "GET /HealthSolu/api/usuario HTTP/1.1" 200 4735
0:0:0:0:0:0:0:1 - - [24/Nov/2023:22:53:36 -0300] "POST /HealthSolu/api/imc HTTP/1.1" 201 -
0:0:0:0:0:0:0:1 - - [24/Nov/2023:22:53:49 -0300] "GET /HealthSolu/api/imc HTTP/1.1" 200 14002
0:0:0:0:0:0:0:1 - - [24/Nov/2023:22:56:13 -0300] "POST /HealthSolu/api/tmb HTTP/1.1" 201 -
0:0:0:0:0:0:0:1 - - [24/Nov/2023:22:56:17 -0300] "GET /HealthSolu/api/tmb HTTP/1.1" 200 3917
0:0:0:0:0:0:0:1 - - [24/Nov/2023:22:57:21 -0300] "GET /HealthSolu/api/imc HTTP/1.1" 200 14002
0:0:0:0:0:0:0:1 - - [24/Nov/2023:22:57:55 -0300] "GET /HealthSolu/api/ymb HTTP/1.1" 404 713
0:0:0:0:0:0:0:1 - - [24/Nov/2023:22:58:09 -0300] "GET /HealthSolu/api/tmb HTTP/1.1" 200 3917
0:0:0:0:0:0:0:1 - - [24/Nov/2023:22:58:19 -0300] "POST /HealthSolu/api/tmb HTTP/1.1" 400 326
0:0:0:0:0:0:0:1 - - [24/Nov/2023:22:59:29 -0300] "POST /HealthSolu/api/tmb HTTP/1.1" 400 326
0:0:0:0:0:0:0:1 - - [24/Nov/2023:22:59:35 -0300] "POST /HealthSolu/api/tmb HTTP/1.1" 400 326
0:0:0:0:0:0:0:1 - - [24/Nov/2023:22:59:42 -0300] "POST /HealthSolu/api/relatorio HTTP/1.1" 400 354
0:0:0:0:0:0:0:1 - - [24/Nov/2023:22:59:50 -0300] "POST /HealthSolu/api/relatorio HTTP/1.1" 201 -
0:0:0:0:0:0:0:1 - - [24/Nov/2023:23:00:15 -0300] "POST /HealthSolu/api/relatorio HTTP/1.1" 201 -
0:0:0:0:0:0:0:1 - - [24/Nov/2023:23:00:18 -0300] "GET /HealthSolu/api/relatorio HTTP/1.1" 500 5795
0:0:0:0:0:0:0:1 - - [24/Nov/2023:23:00:32 -0300] "GET /HealthSolu/api/relatorio HTTP/1.1" 500 9976
127.0.0.1 - - [24/Nov/2023:23:00:49 -0300] "GET / HTTP/1.1" 404 751
0:0:0:0:0:0:0:1 - - [24/Nov/2023:23:00:52 -0300] "GET /HealthSolu/api/relatorio HTTP/1.1" 500 5795
0:0:0:0:0:0:0:1 - - [24/Nov/2023:23:01:15 -0300] "GET /HealthSolu/api/relatorio HTTP/1.1" 500 5795
0:0:0:0:0:0:0:1 - - [24/Nov/2023:23:01:52 -0300] "GET /HealthSolu/api/tmb HTTP/1.1" 200 3917
0:0:0:0:0:0:0:1 - - [24/Nov/2023:23:02:03 -0300] "GET /HealthSolu/api/relatorio HTTP/1.1" 500 5795
0:0:0:0:0:0:0:1 - - [24/Nov/2023:23:02:40 -0300] "GET /HealthSolu/api/relatorio/1 HTTP/1.1" 200 1016
0:0:0:0:0:0:0:1 - - [24/Nov/2023:23:02:47 -0300] "GET /HealthSolu/api/relatorio/5 HTTP/1.1" 200 1118
0:0:0:0:0:0:0:1 - - [24/Nov/2023:23:02:52 -0300] "GET /HealthSolu/api/relatorio HTTP/1.1" 500 5795
